38	Bowl	碗
419	Boy	男孩
406	Deer	鹿
202	Office building	办公楼
209	Cart	大车
160	Pancake	煎饼
362	Roller skates	旱冰鞋
250	Insect	昆虫
56	Dress	礼服
84	Ambulance	救护车
348	Dagger	匕首
344	Chest of drawers	抽屉柜
170	Suitcase	手提箱
121	Missile	导弹
159	Candle	蜡烛
107	Bathtub	浴缸
442	Piano	钢琴
291	Pasta	面食
176	Chopsticks	筷子
232	Television	电视机
99	Bee	蜜蜂
6	Camera	照相机
389	Goggles	护目镜
32	Bed	床
179	Leopard	豹
256	Jaguar	美洲虎
305	Earrings	耳环
253	Tennis racket	网球拍
138	Vase	花瓶
149	Vehicle	车辆
484	Street light	路灯
28	Cannon	加农炮
336	Cabbage	甘蓝
390	Rugby ball	橄榄球
427	Ball	球
235	Home appliance	家用电器
14	Vehicle registration plate	车辆牌照
131	Bicycle	自行车
384	Snowman	雪人
452	Coffee	咖啡
340	Shorts	短裤
342	Honeycomb	蜂巢
475	Personal care	个人护理
392	Poster	海报
17	Human nose	人鼻
335	Dice	骰子
265	Pitcher	投掷者
306	Curtain	帷幕
112	Cupboard	橱柜
290	Lizard	蜥蜴
273	Barrel	枪管
497	Paper towel	纸巾
186	Seat belt	座椅安全带
361	Girl	女孩
431	Tank	坦克
393	Rocket	火箭
67	Food processor	食品加工厂
432	Motorcycle	摩托车
218	Boot	靴子
359	Miniskirt	迷你裙
59	Reptile	爬行动物
219	Platter	大浅盘
60	Golf cart	高尔夫球车
25	Jellyfish	海蜇
325	Sink	水槽
398	Plastic bag	塑料袋
410	Baseball bat	棒球棒
220	Ski	滑雪板
324	Candy	糖果
458	Kangaroo	袋鼠
81	Handbag	手提包
82	Laptop	笔记本电脑
281	Houseplant	室内植物
456	Marine invertebrates	无脊椎动物
365	Human beard	胡须
189	Hot dog	热狗
408	Plumbing fixture	卫生器具
346	Bat	蝙蝠
7	Animal	动物
479	studio couch	演播室沙发
72	Bench	凳子
383	Coffee table	咖啡桌
345	Land vehicle	陆地车辆
227	Human ear	人耳
263	Taxi	出租车
366	Submarine sandwich	潜艇三明治
331	French fries	炸薯条
238	Artichoke	朝鲜蓟
261	Dumbbell	哑铃
144	Watercraft	船舶
370	Seafood	海鲜
446	Tin can	罐头罐
240	Stationary bicycle	固定自行车
358	Pear	梨
221	Swimwear	泳装
494	Skyscraper	摩天大楼
148	Tire	轮胎
243	Starfish	海星
327	Wine	葡萄酒
467	Kettle	水壶
110	Rhinoceros	犀牛
413	Briefcase	公文包
482	Sushi	寿司
486	Nightstand	床头柜
332	Drawer	抽屉
77	Frying pan	煎锅
171	Human mouth	人口学
262	Mobile phone	手机
120	Lantern	灯笼
269	High heels	高跟鞋
411	Envelope	包络线
387	Maple	枫树
244	Fork	叉子
438	Scissors	剪刀
454	Common fig	普通无花果
333	Treadmill	单调的工作
476	Apple	苹果
286	Falcon	隼
196	Waffle	华夫饼干
136	Parrot	鹦鹉
216	Salt and pepper shakers	盐和胡椒瓶
498	Lifejacket	小精灵
499	Bicycle wheel	自行车车轮
259	Cat	猫
400	Mushroom	蘑菇
139	Weapon	武器
301	Fox	福克斯
464	Teapot	茶壶
54	Bear	熊
207	Gas stove	煤气炉
20	Butterfly	蝴蝶
388	Cowboy hat	牛仔帽
64	Car	小型车
229	Fountain	喷泉
161	Pillow	枕头
480	Computer keyboard	电脑键盘
377	Waste container	废物容器
470	Centipede	蜈蚣
246	Corded phone	有线电话
44	Building	建筑物
284	Ice cream	冰淇淋
90	Tower	塔楼
142	Seahorse	海马
429	Whale	鲸鱼
275	Pumpkin	南瓜
88	Kitchen & dining room table	厨房和餐桌
162	Coin	硬币
168	Stool	凳子
483	Cabinetry	橱柜
18	Watermelon	西瓜
448	Tripod	三脚架
500	Toilet	卫生间
403	Parachute	降落伞
87	Limousine	豪华轿车
76	Marine mammal	海洋哺乳动物
119	Fireplace	壁炉
404	Teddy bear	泰迪熊
65	Lighthouse	灯塔
462	Loveseat	相思
102	Flowerpot	花盆
208	Cookie	曲奇饼干
43	Torch	火炬
436	Sun hat	太阳帽
357	Sword	剑
117	Balloon	气球
252	Castle	城堡
113	Chicken	鸡
63	Carnivore	食肉动物
292	Snowmobile	雪车
496	Potato	马铃薯
191	Serving tray	服务托盘
457	Umbrella	雨伞
425	Bull	公牛
19	Flute	长笛
278	Frog	蛙
337	Football helmet	足球头盔
129	Zebra	斑马
309	Horse	马
180	Bell pepper	甜椒
66	Coffeemaker	咖啡壶
363	Dinosaur	恐龙
62	Fedora	费多拉
52	Tiger	老虎
445	Oboe	双簧管
93	Human head	人头
412	Adhesive tape	胶带
217	Lynx	猞猁
439	Swan	天鹅
37	Tiara	冠状头饰
304	Fruit	水果
50	Turtle	乌龟
103	Beaker	烧杯
402	Light switch	电灯开关
114	Man	人
8	Glove	手套
356	Baseball glove	棒球手套
193	Beer	啤酒
36	Sombrero	帽帽
237	Beetle	甲虫
249	Carrot	胡萝卜
22	Raccoon	浣熊
311	Desk	书桌
385	Lavender	薰衣草
42	Vegetable	蔬菜
376	Tennis ball	网球
423	Couch	沙发
49	Bronze sculpture	青铜雕塑
381	Coconut	椰子
241	Human hair	人发
75	Radish	萝卜
477	Brassiere	胸罩
5	Sea turtle	海龟
155	Human leg	人腿
339	Person	人
101	Wood-burning stove	烧柴炉
165	Woman	女人
485	Towel	毛巾
85	Christmas tree	圣诞树
92	Willow	柳树
258	Train	火车
352	Alarm clock	闹钟
420	Pizza	披萨
108	Wall clock	挂钟
97	Binoculars	双筒望远镜
78	Tap	水龙头
451	Barge	驳船
254	Ceiling fan	吊扇
68	Truck	卡车
396	Traffic light	交通灯
418	Jacket	夹克
214	Kitchen knife	菜刀
175	Violin	小提琴
272	Scarf	围巾
40	Moths and butterflies	飞蛾和蝴蝶
215	Skateboard	滑板
326	Mouse	鼠标
297	Computer monitor	计算机显示器
230	Bird	鸟
295	Muffin	松饼
134	Ring binder	环形粘结剂
212	Burrito	墨西哥煎饼
31	Shellfish	贝类
375	Tea	茶叶
430	Shirt	衬衫
164	Sandal	凉鞋
222	Swimming pool	游泳池
293	Light bulb	灯泡
443	Sculpture	雕塑
414	Paddle	桨
105	Woodpecker	啄木鸟
245	Lobster	龙虾
198	Trumpet	小号
296	Pretzel	椒盐脆饼
122	Book	书
274	Trombone	长号
289	Whiteboard	白板
360	Traffic sign	交通标志
109	Sports uniform	运动服
147	Lion	狮子
257	Musical instrument	乐器
491	Wok	炒锅
16	Ladybug	瓢虫
382	Doll	娃娃
298	Horn	喇叭
437	Nail	钉子
163	Stretcher	担架
35	Toaster	烤面包机
351	Mug	马克杯
453	Snowboard	滑雪板
490	Jug	大罐
405	Winter melon	冬瓜
474	Bagel	百吉饼
409	Scoreboard	记分牌
156	Boat	小船
378	Mule	骡子
350	Human foot	人足
91	Football	足球
312	Crutch	拐杖
320	Kitchen appliance	厨房用具
310	Luggage and bags	行李和行李
338	Pig	猪
401	Hamburger	汉堡包
226	Ant	蚂蚁
10	Cattle	牛
373	Sea lion	海狮
204	Toilet paper	厕纸
469	Popcorn	爆米花
104	Oyster	牡蛎
488	Dolphin	海豚
225	Drum	鼓
288	Handgun	手枪
184	Goose	鹅
399	Squash	壁球
177	Digital clock	数字时钟
271	Elephant	大象
133	Mechanical fan	机械风扇
181	Harbor seal	海港海豹
211	Egg	鸡蛋
135	Table	桌子
285	Swim cap	游泳帽
319	Lily	莉莉
100	Chair	椅子
466	Alpaca	羊驼
192	Dog bed	狗床
30	Tree	树
154	Printer	打印机
188	Microwave oven	微波炉
282	Van	厢式货车
200	Helmet	头盔
481	Table tennis racket	乒乓球拍
205	Pomegranate	石榴
53	Mirror	镜子
459	Human arm	人手臂
322	Aircraft	飞机
424	Cello	大提琴
323	Cake stand	蛋糕架
426	Camel	骆驼
472	Sparrow	麻雀
11	House	房子
98	Dessert	甜点
468	Trousers	裤子
270	Bust	打破
492	Fire hydrant	消火栓
24	Taco	墨西哥玉米薄饼卷
417	Sheep	羊
173	Skull	颅骨
39	Dragonfly	蜻蜓
116	Cucumber	黄瓜
260	Rifle	来复枪
137	Sock	袜子
334	Picnic basket	野餐篮子
34	Hat	帽子
444	Cheetah	猎豹
187	Coffee cup	咖啡杯
29	Bread	面包
471	Spider	蜘蛛
473	Plate	盘子
455	Salad	沙拉
489	Dog	狗
140	Shotgun	猎枪
367	Screwdriver	螺丝起子
299	Furniture	家具
314	Tick	滴答声
23	Segway	赛格威
266	Lemon	柠檬
115	Blue jay	冠蓝鸦
223	Drinking straw	吸管
434	Owl	猫头鹰
2	Rose	玫瑰
236	Snowplow	除雪机
313	Bicycle helmet	自行车头盔
143	Belt	腰带
4	Flashlight	手电筒
45	Power plugs and sockets	电源插头和插座
422	Office supplies	办公用品
132	Door handle	门把手
279	Bidet	坐浴盆
153	Picture frame	相框
203	Tablet computer	平板电脑
421	Otter	水獭
118	Kite	风筝
130	Billboard	广告牌
276	Box	盒子
89	Polar bear	北极熊
9	Crocodile	鳄鱼
347	Monkey	猴子
190	Countertop	台面
178	Sunflower	向日葵
460	Measuring cup	量杯
268	Turkey	火鸡
277	Tomato	番茄
58	Guitar	吉他
372	Wheel	车轮
242	Brown bear	棕熊
397	Cocktail	鸡尾酒
280	Human face	人脸
283	Shark	鲨鱼
315	Airplane	飞机
239	Jet ski	喷气式滑雪板
308	Sofa bed	沙发床
169	Bus	公共汽车
86	Eagle	鹰
450	Mouse	鼠标
294	Window blind	窗盲
106	Harp	竖琴
33	Hamster	仓鼠
487	Rabbit	兔
441	Crown	皇冠
213	Goat	山羊
74	Flower	花
447	Mango	芒果
394	Organ	器官
267	Invertebrate	无脊椎动物
48	Cutting board	切割板
183	Sewing machine	缝纫机
47	Billiard table	台球桌
152	Shelf	架子
461	Snail	蜗牛
141	Glasses	玻璃杯
61	Tart	蛋挞
440	Lamp	灯
380	Pineapple	菠萝
386	Shrimp	小虾
158	Croissant	牛角包
428	Duck	鸭子
157	Slow cooker	慢炖锅
234	Microphone	话筒
317	Spatula	铲
233	Crab	蟹
51	Broccoli	西兰花
71	Footwear	鞋类
167	Harpsichord	拨弦键琴
407	Musical keyboard	音乐键盘
70	Surfboard	冲浪板
364	Porch	门廊
174	Door	门
353	Pressure cooker	高压锅
79	Peach	桃
395	Saxophone	萨克斯
46	Blender	搅拌机
125	Squirrel	松鼠
316	Canary	金丝雀
96	Mixer	搅拌机
41	Antelope	羚羊
199	Ruler	尺子
27	Pen	笔
264	Shower	淋浴
210	Raven	掠夺
341	Gondola	贡多拉
127	Coat	外套
150	Canoe	独木舟
391	Caterpillar	毛虫
94	Stop sign	停车标志
318	Watch	手表
416	Telephone	电话
248	Saucer	碟
26	Cake	蛋糕
231	Jeans	牛仔裤
287	Ostrich	鸵鸟
69	Bookcase	书柜
128	Punching bag	打孔袋
3	Flag	旗
80	Knife	刀
330	Refrigerator	冰箱
201	Ladder	梯子
206	Skirt	裙子
478	Bathroom cabinet	浴室柜
349	Tableware	餐具
302	Convenience store	便利店
12	Guacamole	鳄梨酱
374	Toy	玩具
433	Accordion	手风琴
251	Clock	时钟
146	Giraffe	长颈鹿
172	Juice	果汁
182	Snake	蛇
300	Sandwich	三明治
495	Backpack	背包
303	Fish	鱼
194	Sunglasses	太阳镜
83	Tent	帐篷
185	Helicopter	直升机
55	Zucchini	西葫芦
57	Volleyball	排球
329	Goldfish	金鱼
328	Wheelchair	轮椅
123	Spoon	勺子
166	Stairs	楼梯
371	Racket	球拍
111	Beehive	蜂箱
255	Asparagus	芦笋
493	Human eye	人眼
151	Tie	领带
95	Banana	香蕉
435	Porcupine	豪猪
321	Filing cabinet	文件柜
124	Grapefruit	葡萄柚
228	Headphones	耳机
1	Infant bed	婴儿床
307	Grape	葡萄
449	Oven	烤箱
21	Washing machine	洗衣机
15	Bench	凳子
368	Strawberry	草莓
415	Bow and arrow	弓箭
73	Necklace	项链
247	Drink	饮料
13	Penguin	企鹅
354	Human hand	人手
195	Golf ball	高尔夫球
463	Suit	西服
126	Orange	橙色
224	Wrench	扳手
145	Window	窗口
197	Palm tree	棕榈树
465	Bottle	瓶
369	Wine glass	酒杯
343	Doughnut	炸圈饼
355	Tortoise	乌龟
379	Cricket ball	板球
501	tuba	大号
502	carpet	地毯
503	trolley	手推车
504	tv	电视
505	fan	风扇
506	llama	美洲驼
507	stapler	订书机
508	tricycle	三轮车
509	head_phone	耳机
510	air_conditioner	空调器
511	cookies	饼干
512	towel/napkin	毛巾/餐巾
513	boots	靴子
514	sausage	香肠
515	suv	运动型多用途汽车
516	bar_soap	肥皂
517	baseball	棒球
518	luggage	行李
519	poker_card	扑克牌
520	shovel	铲子
521	marker	标记笔
522	earphone	耳机
523	projector	投影机
524	pencil_case	铅笔盒
525	french_horn	法国圆号
526	tangerine	橘子
527	router/modem	路由器
528	folder	文件夹
529	donut	甜甜圈
530	durian	榴莲
531	sailboat	帆船
532	nuts	坚果
533	coffee_machine	咖啡机
534	meat_balls	肉丸
535	basket	篮子
536	extension_cord	插线板
537	green_beans	青豆
538	avocado	鳄梨
539	soccer	英式足球
540	egg_tart	蛋挞
541	clutch	离合器
542	slide	滑梯
543	fishing_rod	鱼竿
544	hanger	衣架
545	bread/bun	面包
546	surveillance_camera	监控摄像头
547	globe	地球仪
548	blackboard/whiteboard	黑板/白板
549	life_saver	救生员
550	pigeon	鸽子
551	red_cabbage	红卷心菜
552	cymbal	铜钹
553	faucet	水龙头
554	steak	牛排
555	swing	秋千
556	mangosteen	山竹
557	cheese	奶酪
558	urinal	小便池
559	lettuce	生菜
560	hurdle	跨栏
561	ring	戒指
562	basketball	篮球
563	potted_plant	盆栽植物
564	rickshaw	人力车
565	target	目标
566	race_car	赛车
567	bow_tie	蝴蝶结
568	iron	熨斗
569	toiletries	化妆品
570	donkey	驴
571	saw	锯
572	hammer	铁锤
573	billiards	台球
574	cutting/chopping_board	切割/砧板
575	power_outlet	电源插座
576	hair_drier	吹风机
577	baozi	包子
578	medal	奖章/奖牌
579	liquid_soap	液体肥皂
580	wild_bird	野鸟
581	leather_shoes	皮鞋
582	dining_table	餐桌
583	game_board	游戏板
584	barbell	杠铃
585	radio	收音机
586	street_lights	路灯
587	tape	磁带
588	hockey	曲棍球
589	spring_rolls	春卷
590	rice	大米
591	golf_club	高尔夫俱乐部
592	lighter	打火机
593	chips	炸薯条
594	microscope	显微镜
595	cell_phone	手机
596	fire_truck	消防车
597	noodles	面条
598	cabinet/shelf	橱柜/架子
599	electronic_stove_and_gas_stove	电磁炉和煤气炉
600	key	钥匙
601	comb	梳子
602	trash_bin/can	垃圾箱/罐
603	toothbrush	牙刷
604	dates	枣子
605	electric_drill	电钻
606	cow	奶牛
607	eggplant	茄子
608	broom	扫帚
609	vent	抽油烟机
610	tong	钳子
611	green_onion	大葱
612	scallop	扇贝
613	facial_cleanser	洁面乳
614	toothpaste	牙膏
615	hamimelon	哈密瓜
616	eraser	橡皮擦
617	shampoo/shower_gel	洗发水/沐浴露
618	CD	光盘
619	skating_and_skiing_shoes	溜冰鞋和滑雪鞋
620	american_football	美式足球
621	slippers	拖鞋
622	pitaya	火龙果
623	pot/pan	锅/平底锅
624	calculator	计算器
625	tissue	纸巾
626	table_tennis_paddle	乒乓球拍
627	board_eraser	板擦
628	speaker	扬声器
629	papaya	木瓜
630	cigar	雪茄
631	notepaper	信纸
632	garlic	大蒜
633	rice_cooker	电饭锅
634	canned	罐装的
635	parking_meter	停车计时器
636	flashlight	手电筒
637	paint_brush	画笔
638	cup	杯子
639	cue	球杆
640	crosswalk_sign	人行横道标志
641	kiwi_fruit	奇异果/猕猴桃
642	radiator	散热器
643	mop	拖把
644	chainsaw	电锯
645	sandals	凉鞋拖鞋
646	storage_box	储物箱
647	onion	洋葱
648	bracelet	手镯
649	fire_extinguisher	灭火器
650	scale	秤
651	okra	秋葵
652	microwave	微波炉
653	sneakers	运动鞋
654	pepper	胡椒
655	corn	玉米
656	pomelo	柚子
657	computer_box	主机
658	pliers	钳子
659	trophy	奖杯
660	plum	李子/梅子
661	brush	刷子/画笔
662	machinery_vehicle	机械车辆
663	yak	牦牛
664	crane	起重机
665	converter	转换器
666	facial_mask	面膜
667	carriage	马车
668	pickup_truck	皮卡车
669	traffic_cone	交通锥
670	pie	馅饼
671	pen/pencil	钢笔/铅笔
672	sports_car	跑车
673	frisbee	飞盘
674	cleaning_products	清洁用品/洗涤剂/洗衣液
675	remote	遥控器
676	stroller	婴儿车/手推车
